﻿
> smart-water-problem-system-foc@0.0.0 build
> vite build

[36mvite v8.0.3 [32mbuilding client environment for production...[36m[39m
[2K
transforming...Γ£ô 1758 modules transformed.
node.exe : [31mΓ£ù[39m Build failed in 1.72s
At line:1 char:1
+ & "C:\Program Files\nodejs/node.exe" 
"C:\Program Files\nodejs/node_mo ...
+ ~~~~~~~~~~~~~~~~~~~~~~~~~~~~~~~~~~~~~~~~~~~~~
~~~~~~~~~~~~~~~~~~~~~~~~
    + CategoryInfo          : NotSpecified: ( 
   [31mΓ£ù[39m Build failed in 1.72s:String)  
   [], RemoteException
    + FullyQualifiedErrorId : NativeCommandErr 
   or
 
[31merror during build:
[31mBuild failed with 1 error:

[plugin vite:css] C:/Users/G 
VARUN/OneDrive/Desktop/Smart Water Problem 
System FOC/src/index.css:1:0
CssSyntaxError: [postcss] postcss-import: 
C:\Users\G VARUN\OneDrive\Desktop\Smart Water 
Problem System 
FOC\node_modules\tailwindcss\lib\index.js:1:1: 
Unknown word "use strict"
    at Input.error (C:\Users\G 
VARUN\OneDrive\Desktop\Smart Water Problem 
System 
FOC\node_modules\postcss\lib\input.js:135:16)
    at Parser.unknownWord (C:\Users\G 
VARUN\OneDrive\Desktop\Smart Water Problem 
System 
FOC\node_modules\postcss\lib\parser.js:595:22)
    at Parser.other (C:\Users\G 
VARUN\OneDrive\Desktop\Smart Water Problem 
System 
FOC\node_modules\postcss\lib\parser.js:437:12)
    at Parser.parse (C:\Users\G 
VARUN\OneDrive\Desktop\Smart Water Problem 
System 
FOC\node_modules\postcss\lib\parser.js:472:16)
    at parse (C:\Users\G 
VARUN\OneDrive\Desktop\Smart Water Problem 
System 
FOC\node_modules\postcss\lib\parse.js:11:12)
    at get root (C:\Users\G 
VARUN\OneDrive\Desktop\Smart Water Problem 
System FOC\node_modules\postcss\lib\no-work-res
ult.js:43:14)
    at Result.get [as root] (C:\Users\G 
VARUN\OneDrive\Desktop\Smart Water Problem 
System FOC\node_modules\postcss\lib\no-work-res
ult.js:76:21)
    at loadImportContent (file:///C:/Users/G%20
VARUN/OneDrive/Desktop/Smart%20Water%20Problem%
20System%20FOC/node_modules/vite/dist/node/chun
ks/postcss-import.js:399:33)
    at async Promise.all (index 0)
    at async resolveImportId (file:///C:/Users/
G%20VARUN/OneDrive/Desktop/Smart%20Water%20Prob
lem%20System%20FOC/node_modules/vite/dist/node/
chunks/postcss-import.js:378:20)[31m
    at aggregateBindingErrorsIntoJsError (file:
///C:/Users/G%20VARUN/OneDrive/Desktop/Smart%20
Water%20Problem%20System%20FOC/node_modules/rol
ldown/dist/shared/error-BLhcSyeg.mjs:48:18)
    at unwrapBindingResult (file:///C:/Users/G%
20VARUN/OneDrive/Desktop/Smart%20Water%20Proble
m%20System%20FOC/node_modules/rolldown/dist/sha
red/error-BLhcSyeg.mjs:18:128)
    at #build (file:///C:/Users/G%20VARUN/OneDr
ive/Desktop/Smart%20Water%20Problem%20System%20
FOC/node_modules/rolldown/dist/shared/rolldown-
build-CPrIX9V6.mjs:3313:34)
    at async buildEnvironment (file:///C:/Users
/G%20VARUN/OneDrive/Desktop/Smart%20Water%20Pro
blem%20System%20FOC/node_modules/vite/dist/node
/chunks/node.js:32849:64)
    at async Object.build (file:///C:/Users/G%2
0VARUN/OneDrive/Desktop/Smart%20Water%20Problem
%20System%20FOC/node_modules/vite/dist/node/chu
nks/node.js:33271:19)
    at async Object.buildApp (file:///C:/Users/
G%20VARUN/OneDrive/Desktop/Smart%20Water%20Prob
lem%20System%20FOC/node_modules/vite/dist/node/
chunks/node.js:33268:153)
    at async CAC.<anonymous> (file:///C:/Users/
G%20VARUN/OneDrive/Desktop/Smart%20Water%20Prob
lem%20System%20FOC/node_modules/vite/dist/node/
cli.js:778:3) {
  errors: [Getter/Setter]
}[39m
